[     607ms] [ERROR] Failed to load resource: the server responded with a status of 404 (Not Found) @ http://localhost:3100/favicon.ico:0
[    5676ms] [WARNING] The resource http://localhost:3100/_next/static/chunks/1eao8e5k_nwq9.css was preloaded using link preload but not used within a few seconds from the window's load event. Please make sure it has an appropriate `as` value and it is preloaded intentionally. @ http://localhost:3100/?postal=K1A0A6:0
[   33411ms] [WARNING] The resource http://localhost:3100/_next/static/chunks/1eao8e5k_nwq9.css was preloaded using link preload but not used within a few seconds from the window's load event. Please make sure it has an appropriate `as` value and it is preloaded intentionally. @ http://localhost:3100/?postal=K1A0A6:0
[  315180ms] [ERROR] Failed to load resource: the server responded with a status of 404 (Not Found) @ http://localhost:3100/search?_rsc=5CB68i4pnAekjehf:0
[  315184ms] [ERROR] Failed to load resource: the server responded with a status of 404 (Not Found) @ http://localhost:3100/graveyard?_rsc=5CB68i4pnAekjehf:0
[  315190ms] [ERROR] Failed to load resource: the server responded with a status of 404 (Not Found) @ http://localhost:3100/expenses?_rsc=5CB68i4pnAekjehf:0
[  315194ms] [ERROR] Failed to load resource: the server responded with a status of 404 (Not Found) @ http://localhost:3100/petitions?_rsc=5CB68i4pnAekjehf:0
[  315207ms] [ERROR] Failed to load resource: the server responded with a status of 404 (Not Found) @ http://localhost:3100/votes?_rsc=5CB68i4pnAekjehf:0
[  315214ms] [ERROR] Failed to load resource: the server responded with a status of 404 (Not Found) @ http://localhost:3100/bills?_rsc=5CB68i4pnAekjehf:0
[  315310ms] [ERROR] Failed to load resource: the server responded with a status of 404 (Not Found) @ http://localhost:3100/bills/45-1/S-250?_rsc=5CB68i4pnAekjehf:0
[  315323ms] [ERROR] Failed to load resource: the server responded with a status of 404 (Not Found) @ http://localhost:3100/votes/house/45-1/173?_rsc=5CB68i4pnAekjehf:0
[  315378ms] [ERROR] Failed to load resource: the server responded with a status of 404 (Not Found) @ http://localhost:3100/bills/45-1/C-287?_rsc=5CB68i4pnAekjehf:0
[  315387ms] [ERROR] Failed to load resource: the server responded with a status of 404 (Not Found) @ http://localhost:3100/votes/house/45-1/167?_rsc=5CB68i4pnAekjehf:0
[  315422ms] [ERROR] Failed to load resource: the server responded with a status of 404 (Not Found) @ http://localhost:3100/votes/house/45-1/168?_rsc=5CB68i4pnAekjehf:0
[  315441ms] [ERROR] Failed to load resource: the server responded with a status of 404 (Not Found) @ http://localhost:3100/bills/45-1/C-288?_rsc=5CB68i4pnAekjehf:0
[  321622ms] [ERROR] Failed to load resource: the server responded with a status of 404 (Not Found) @ http://localhost:3100/ask?q=What%20happened%20to%20pharmacare%3F&_rsc=5CB68i4pnAekjehf:0
[  321629ms] [ERROR] Failed to load resource: the server responded with a status of 404 (Not Found) @ http://localhost:3100/ask?_rsc=5CB68i4pnAekjehf:0
[  337166ms] [ERROR] Failed to load resource: the server responded with a status of 404 (Not Found) @ http://localhost:3100/search?_rsc=5CB68i4pnAekjehf:0
[  337186ms] [ERROR] Failed to load resource: the server responded with a status of 404 (Not Found) @ http://localhost:3100/graveyard?_rsc=5CB68i4pnAekjehf:0
[  337202ms] [ERROR] Failed to load resource: the server responded with a status of 404 (Not Found) @ http://localhost:3100/expenses?_rsc=5CB68i4pnAekjehf:0
[  337208ms] [ERROR] Failed to load resource: the server responded with a status of 404 (Not Found) @ http://localhost:3100/petitions?_rsc=5CB68i4pnAekjehf:0
[  337217ms] [ERROR] Failed to load resource: the server responded with a status of 404 (Not Found) @ http://localhost:3100/votes?_rsc=5CB68i4pnAekjehf:0
[  337237ms] [ERROR] Failed to load resource: the server responded with a status of 404 (Not Found) @ http://localhost:3100/bills?_rsc=5CB68i4pnAekjehf:0
[  337254ms] [ERROR] Failed to load resource: the server responded with a status of 404 (Not Found) @ http://localhost:3100/bills/45-1/S-250?_rsc=5CB68i4pnAekjehf:0
[  337260ms] [ERROR] Failed to load resource: the server responded with a status of 404 (Not Found) @ http://localhost:3100/votes/house/45-1/173?_rsc=5CB68i4pnAekjehf:0
[  337293ms] [ERROR] Failed to load resource: the server responded with a status of 404 (Not Found) @ http://localhost:3100/bills/45-1/C-287?_rsc=5CB68i4pnAekjehf:0
[  337304ms] [ERROR] Failed to load resource: the server responded with a status of 404 (Not Found) @ http://localhost:3100/votes/house/45-1/167?_rsc=5CB68i4pnAekjehf:0
[  338781ms] [ERROR] Failed to load resource: the server responded with a status of 404 (Not Found) @ http://localhost:3100/votes/house/45-1/168?_rsc=5CB68i4pnAekjehf:0
[  338870ms] [ERROR] Failed to load resource: the server responded with a status of 404 (Not Found) @ http://localhost:3100/bills/45-1/C-288?_rsc=5CB68i4pnAekjehf:0
[  339067ms] [ERROR] Failed to load resource: the server responded with a status of 404 (Not Found) @ http://localhost:3100/votes/house/45-1/169?_rsc=5CB68i4pnAekjehf:0
[  339081ms] [ERROR] Failed to load resource: the server responded with a status of 404 (Not Found) @ http://localhost:3100/bills/45-1/C-289?_rsc=5CB68i4pnAekjehf:0
[  339220ms] [ERROR] Failed to load resource: the server responded with a status of 404 (Not Found) @ http://localhost:3100/votes/house/45-1/170?_rsc=5CB68i4pnAekjehf:0
[  339669ms] [ERROR] Failed to load resource: the server responded with a status of 404 (Not Found) @ http://localhost:3100/bills/45-1/C-290?_rsc=5CB68i4pnAekjehf:0
[  350987ms] [ERROR] Failed to load resource: the server responded with a status of 404 (Not Found) @ http://localhost:3100/bills/45-1/C-289?_rsc=5CB68i4pnAekjehf:0
[  375692ms] [ERROR] Failed to load resource: net::ERR_CONNECTION_REFUSED @ http://localhost:3100/votes/house/45-1/167?_rsc=5CB68i4pnAekjehf:0
[  375901ms] [ERROR] Failed to load resource: net::ERR_CONNECTION_REFUSED @ http://localhost:3100/votes/house/45-1/167?_rsc=2Md0sTUZcnjCijMr:0
[  375902ms] [ERROR] Failed to fetch RSC payload for http://localhost:3100/votes/house/45-1/167. Falling back to browser navigation. TypeError: Failed to fetch
    at T (http://localhost:3100/_next/static/chunks/26j-furikpnom.js:1:105544)
    at async m (http://localhost:3100/_next/static/chunks/26j-furikpnom.js:1:103680)
    at async m (http://localhost:3100/_next/static/chunks/26j-furikpnom.js:1:125467) @ http://localhost:3100/_next/static/chunks/26j-furikpnom.js:0
